[html.themewant.com/moonlit/room-one.html]
[backblue.gif]
[fade.gif]
[index.html]
[html.themewant.com/moonlit/assets/images/favicon.ico]
[html.themewant.com/moonlit/assets/fonts/flaticon_bokinn.css]
[html.themewant.com/moonlit/assets/css/plugins.min.css]
[html.themewant.com/moonlit/index.html]
[html.themewant.com/moonlit/assets/css/style.css]
[html.themewant.com/moonlit/assets/images/menu/main.webp]
[html.themewant.com/moonlit/index-2.html]
[html.themewant.com/moonlit/assets/images/menu/01.webp]
[html.themewant.com/moonlit/index-3.html]
[html.themewant.com/moonlit/assets/images/menu/03.webp]
[html.themewant.com/moonlit/index-4.html]
[html.themewant.com/moonlit/assets/images/menu/04.webp]
[html.themewant.com/moonlit/index-5.html]
[html.themewant.com/moonlit/assets/images/menu/4.webp]
[html.themewant.com/moonlit/index-6.html]
[html.themewant.com/moonlit/assets/images/menu/5.webp]
[html.themewant.com/moonlit/index-7.html]
[html.themewant.com/moonlit/assets/images/menu/6.webp]
[html.themewant.com/moonlit/index-dark.html]
[html.themewant.com/moonlit/assets/images/menu/hotel-dark.webp]
[html.themewant.com/moonlit/index-video.html]
[html.themewant.com/moonlit/assets/images/menu/08.webp]
[html.themewant.com/moonlit/room-two.html]
[html.themewant.com/moonlit/room-three.html]
[html.themewant.com/moonlit/room-four.html]
[html.themewant.com/moonlit/room-details-1.html]
[html.themewant.com/moonlit/room-details-2.html]
[html.themewant.com/moonlit/resturant.html]
[html.themewant.com/moonlit/about.html]
[html.themewant.com/moonlit/gallery.html]
[html.themewant.com/moonlit/service.html]
[html.themewant.com/moonlit/event.html]
[html.themewant.com/moonlit/activities.html]
[html.themewant.com/moonlit/blog.html]
[html.themewant.com/moonlit/blog-details.html]
[html.themewant.com/moonlit/contact.html]
[html.themewant.com/moonlit/assets/images/logo/logo.svg]
[html.themewant.com/moonlit/assets/images/icon/menu-icon.svg]
[html.themewant.com/moonlit/assets/images/pages/header__bg.webp]
[html.themewant.com/moonlit/assets/images/pages/room/1.webp]
[html.themewant.com/moonlit/assets/images/pages/room/2.webp]
[html.themewant.com/moonlit/assets/images/pages/room/3.webp]
[html.themewant.com/moonlit/assets/images/pages/room/4.webp]
[html.themewant.com/moonlit/assets/images/pages/room/5.webp]
[html.themewant.com/moonlit/assets/images/pages/room/6.webp]
[html.themewant.com/moonlit/assets/images/icon/arrow-left-short.svg]
[html.themewant.com/moonlit/assets/images/icon/arrow-right-short.svg]
[html.themewant.com/moonlit/assets/images/author/author-2x.webp]
[html.themewant.com/moonlit/assets/images/author/author-5.webp]
[html.themewant.com/moonlit/assets/images/logo/logo__two.svg]
[html.themewant.com/moonlit/assets/images/footer/shape-1.svg]
[html.themewant.com/moonlit/assets/images/footer/shape-2.svg]
[html.themewant.com/moonlit/assets/images/footer/shape-3.svg]
[html.themewant.com/moonlit/assets/js/plugins.min.js]
[html.themewant.com/moonlit/assets/js/gdpr.js]
[html.themewant.com/moonlit/room-one.html]
[html.themewant.com/moonlit/assets/js/main.js]
[html.themewant.com/moonlit/assets/fonts/flaticon_bokinn716c.woff2]
[html.themewant.com/moonlit/assets/fonts/flaticon_bokinn.css]
[html.themewant.com/moonlit/assets/css/images/ui-icons_444444_256x240.png]
[html.themewant.com/moonlit/assets/css/images/ui-icons_555555_256x240.png]
[html.themewant.com/moonlit/assets/css/images/ui-icons_ffffff_256x240.png]
[html.themewant.com/moonlit/assets/css/images/ui-icons_777620_256x240.png]
[html.themewant.com/moonlit/assets/css/images/ui-icons_cc0000_256x240.png]
[html.themewant.com/moonlit/assets/css/images/ui-icons_777777_256x240.png]
[html.themewant.com/moonlit/assets/css/plugins.min.css]
[html.themewant.com/moonlit/assets/css/style.css]
[html.themewant.com/moonlit/index.html]
[html.themewant.com/moonlit/index-2.html]
[html.themewant.com/moonlit/index-3.html]
[html.themewant.com/moonlit/index-4.html]
[html.themewant.com/moonlit/index-5.html]
[html.themewant.com/moonlit/index-6.html]
[html.themewant.com/moonlit/index-7.html]
[html.themewant.com/moonlit/index-dark.html]
[html.themewant.com/moonlit/index-video.html]
[html.themewant.com/moonlit/room-two.html]
[html.themewant.com/moonlit/room-three.html]
[html.themewant.com/moonlit/room-four.html]
[html.themewant.com/moonlit/room-details-1.html]
[html.themewant.com/moonlit/room-details-2.html]
[html.themewant.com/moonlit/about.html]
[html.themewant.com/moonlit/resturant.html]
[html.themewant.com/moonlit/gallery.html]
[html.themewant.com/moonlit/service.html]
[html.themewant.com/moonlit/event.html]
[html.themewant.com/moonlit/activities.html]
[html.themewant.com/moonlit/blog.html]
[html.themewant.com/moonlit/blog-details.html]
[html.themewant.com/moonlit/contact.html]
[html.themewant.com/moonlit/assets/images/logo/logo.svg]
[html.themewant.com/moonlit/assets/images/icon/menu-icon.svg]
[html.themewant.com/moonlit/assets/images/icon/arrow-left-short.svg]
[html.themewant.com/moonlit/assets/images/icon/arrow-right-short.svg]
[html.themewant.com/moonlit/assets/images/logo/logo__two.svg]
[html.themewant.com/moonlit/assets/images/footer/shape-1.svg]
[html.themewant.com/moonlit/assets/images/footer/shape-2.svg]
[html.themewant.com/moonlit/assets/images/footer/shape-3.svg]
[html.themewant.com/moonlit/${e.image.src}]
[html.themewant.com/moonlit/Version/index.html]
[html.themewant.com/moonlit/e.111.delayed]
[html.themewant.com/moonlit/t.params.url]
[html.themewant.com/moonlit/assets/js/plugins.min.js]
[html.themewant.com/moonlit/assets/js/gdpr.js]
[html.themewant.com/moonlit/assets/js/main.js]
[html.themewant.com/moonlit/assets/fonts/flaticon_bokinn716c.html]
[html.themewant.com/moonlit/assets/fonts/flaticon_bokinn716c-2.html]
[html.themewant.com/moonlit/assets/fonts/flaticon_bokinn716c-3.html]
[html.themewant.com/moonlit/assets/fonts/flaticon_bokinn716c-4.html]
[html.themewant.com/moonlit/assets/css/images/ui-icons_444444_256x240.html]
[html.themewant.com/moonlit/assets/css/images/ui-icons_555555_256x240.html]
[html.themewant.com/moonlit/assets/css/images/ui-icons_ffffff_256x240.html]
[html.themewant.com/moonlit/assets/css/images/ui-icons_777620_256x240.html]
[html.themewant.com/moonlit/assets/css/images/ui-icons_cc0000_256x240.html]
[html.themewant.com/moonlit/assets/css/images/ui-icons_777777_256x240.html]
[html.themewant.com/moonlit/assets/images/shape/left.html]
[html.themewant.com/moonlit/assets/images/shape/right.html]
[html.themewant.com/moonlit/assets/images/shape/section__style__two.html]
[html.themewant.com/moonlit/assets/images/shape/section__style__three-1.html]
[html.themewant.com/moonlit/assets/images/shape/section__style__three-2.html]
[html.themewant.com/moonlit/assets/images/shape/section__three-1.html]
[html.themewant.com/moonlit/assets/images/shape/section__three-2.html]
[html.themewant.com/moonlit/assets/images/index-6/testimonial-bg.html]
[html.themewant.com/moonlit/assets/images/index-4/newsletter.html]
[html.themewant.com/moonlit/assets/images/icon/quote.html]
[html.themewant.com/moonlit/assets/images/pages/event/cta__bg.html]
[html.themewant.com/moonlit/assets/images/footer/footer-two.html]
[html.themewant.com/moonlit/assets/images/banner/1.html]
[html.themewant.com/moonlit/assets/images/banner/2.html]
[html.themewant.com/moonlit/assets/images/banner/banner-3.html]
[html.themewant.com/moonlit/assets/images/about/section__shape.html]
[html.themewant.com/moonlit/assets/images/about/about-1.html]
[html.themewant.com/moonlit/assets/images/about/about-main.html]
[html.themewant.com/moonlit/assets/images/shape/facility-1.html]
[html.themewant.com/moonlit/assets/images/icon/bed.html]
[html.themewant.com/moonlit/assets/images/icon/security.html]
[html.themewant.com/moonlit/assets/images/icon/gym.html]
[html.themewant.com/moonlit/assets/images/icon/swimming-pool.html]
[html.themewant.com/moonlit/assets/images/room/1.html]
[html.themewant.com/moonlit/assets/images/room/2.html]
[html.themewant.com/moonlit/assets/images/room/3.html]
[html.themewant.com/moonlit/assets/images/room/4.html]
[html.themewant.com/moonlit/assets/images/author/author-4.html]
[html.themewant.com/moonlit/assets/images/video/video-main.html]
[html.themewant.com/moonlit/assets/images/offer/5.html]
[html.themewant.com/moonlit/assets/images/offer/6.html]
[html.themewant.com/moonlit/assets/images/offer/7.html]
[html.themewant.com/moonlit/assets/images/insta/1.html]
[html.themewant.com/moonlit/assets/images/icon/instagram.html]
[html.themewant.com/moonlit/assets/images/insta/2.html]
[html.themewant.com/moonlit/assets/images/insta/3.html]
[html.themewant.com/moonlit/assets/images/insta/4.html]
[html.themewant.com/moonlit/assets/images/insta/5.html]
[html.themewant.com/moonlit/assets/images/insta/6.html]
[html.themewant.com/moonlit/assets/images/banner/4.html]
[html.themewant.com/moonlit/assets/images/banner/slides-1.html]
[html.themewant.com/moonlit/assets/images/shape/testimonial-1.html]
[html.themewant.com/moonlit/assets/images/shape/testimonial-1-1.html]
[html.themewant.com/moonlit/assets/images/author/author-1.html]
[html.themewant.com/moonlit/assets/images/shape/video-1.html]
[html.themewant.com/moonlit/assets/images/video/video-bg.html]
[html.themewant.com/moonlit/assets/images/offer/section__bg.html]
[html.themewant.com/moonlit/assets/images/offer/1.html]
[html.themewant.com/moonlit/assets/images/offer/2.html]
[html.themewant.com/moonlit/assets/images/offer/3.html]
[html.themewant.com/moonlit/assets/images/offer/4.html]
[html.themewant.com/moonlit/assets/images/index-3/gallery/1.html]
[html.themewant.com/moonlit/assets/images/index-3/gallery/2.html]
[html.themewant.com/moonlit/assets/images/index-3/gallery/3.html]
[html.themewant.com/moonlit/assets/images/index-3/gallery/4.html]
[html.themewant.com/moonlit/assets/images/index-3/gallery/5.html]
[html.themewant.com/moonlit/assets/images/banner/slides-2.html]
[html.themewant.com/moonlit/assets/images/about/about-2.html]
[html.themewant.com/moonlit/assets/images/room/5.html]
[html.themewant.com/moonlit/assets/images/room/6.html]
[html.themewant.com/moonlit/assets/images/shape/testimonial__two.html]
[html.themewant.com/moonlit/assets/images/shape/testimonial__two-2.html]
[html.themewant.com/moonlit/assets/images/author/author-2.html]
[html.themewant.com/moonlit/assets/images/video/video-bg-2.html]
[html.themewant.com/moonlit/assets/images/logo/footer__two.html]
[html.themewant.com/moonlit/assets/images/index-3/banner/banner.html]
[html.themewant.com/moonlit/assets/images/index-3/apartment/1.html]
[html.themewant.com/moonlit/assets/images/index-3/apartment/2.html]
[html.themewant.com/moonlit/assets/images/index-3/apartment/3.html]
[html.themewant.com/moonlit/assets/images/index-3/apartment/4.html]
[html.themewant.com/moonlit/assets/images/index-3/facility-shape.html]
[html.themewant.com/moonlit/assets/images/index-3/facility.html]
[html.themewant.com/moonlit/assets/images/video/video-bg-3.html]
[html.themewant.com/moonlit/assets/images/index-3/blog/1.html]
[html.themewant.com/moonlit/assets/images/icon/calendar.html]
[html.themewant.com/moonlit/assets/images/icon/person.html]
[html.themewant.com/moonlit/assets/images/index-3/blog/2.html]
[html.themewant.com/moonlit/assets/images/index-3/blog/3.html]
[html.themewant.com/moonlit/assets/images/index-3/blog/4.html]
[html.themewant.com/moonlit/assets/images/index-3/service/sec-bg.html]
[html.themewant.com/moonlit/assets/images/index-3/service/1.html]
[html.themewant.com/moonlit/assets/images/index-3/service/2.html]
[html.themewant.com/moonlit/assets/images/icon/message.html]
[html.themewant.com/moonlit/assets/images/logo/logo__four.html]
[html.themewant.com/moonlit/assets/images/index-4/banner/banner.html]
[html.themewant.com/moonlit/assets/images/index-4/about/1.html]
[html.themewant.com/moonlit/assets/images/index-4/about/2.html]
[html.themewant.com/moonlit/assets/images/index-4/about/sign.html]
[html.themewant.com/moonlit/assets/images/shape/room-3.html]
[html.themewant.com/moonlit/assets/images/shape/room-4.html]
[html.themewant.com/moonlit/assets/images/index-4/room/1.html]
[html.themewant.com/moonlit/assets/images/index-4/room/2.html]
[html.themewant.com/moonlit/assets/images/index-4/room/3.html]
[html.themewant.com/moonlit/assets/images/index-4/service/1.html]
[html.themewant.com/moonlit/assets/images/index-4/service/2.html]
[html.themewant.com/moonlit/assets/images/index-4/service/3.html]
[html.themewant.com/moonlit/assets/images/index-4/service/4.html]
[html.themewant.com/moonlit/assets/images/index-4/service/5.html]
[html.themewant.com/moonlit/assets/images/index-4/facility.html]
[html.themewant.com/moonlit/assets/images/author/3.html]
[html.themewant.com/moonlit/assets/images/author/4.html]
[html.themewant.com/moonlit/assets/images/author/5.html]
[html.themewant.com/moonlit/assets/images/author/6.html]
[html.themewant.com/moonlit/assets/images/index-4/blog/1.html]
[html.themewant.com/moonlit/assets/images/index-4/blog/2.html]
[html.themewant.com/moonlit/assets/images/index-4/blog/3.html]
[html.themewant.com/moonlit/assets/images/index-5/banner/banner-bg.html]
[html.themewant.com/moonlit/assets/images/index-5/facility.html]
[html.themewant.com/moonlit/assets/images/index-5/sign.html]
[html.themewant.com/moonlit/assets/images/index-5/about/1.html]
[html.themewant.com/moonlit/assets/images/index-5/about/2.html]
[html.themewant.com/moonlit/assets/images/index-5/offer/mask_group-1.html]
[html.themewant.com/moonlit/assets/images/index-5/offer/mask_group.html]
[html.themewant.com/moonlit/assets/images/index-6/banner/banner.html]
[html.themewant.com/moonlit/assets/images/index-6/room/1.html]
[html.themewant.com/moonlit/assets/images/index-6/room/2.html]
[html.themewant.com/moonlit/assets/images/index-6/room/3.html]
[html.themewant.com/moonlit/assets/images/index-6/about.html]
[html.themewant.com/moonlit/assets/images/index-6/service/1.html]
[html.themewant.com/moonlit/assets/images/index-6/service/2.html]
[html.themewant.com/moonlit/assets/images/index-6/service/3.html]
[html.themewant.com/moonlit/assets/images/index-6/service/4.html]
[html.themewant.com/moonlit/assets/images/author/author-3.html]
[html.themewant.com/moonlit/assets/images/index-6/facility.html]
[html.themewant.com/moonlit/assets/images/index-6/event/1.html]
[html.themewant.com/moonlit/assets/images/icon/locatin.html]
[html.themewant.com/moonlit/assets/images/index-6/event/2.html]
[html.themewant.com/moonlit/assets/images/shape/facility-dark.html]
[html.themewant.com/moonlit/assets/images/shape/testimonial-dark.html]
[html.themewant.com/moonlit/assets/images/shape/testimonial-dark-2.html]
[html.themewant.com/moonlit/assets/images/shape/video-dark.html]
[html.themewant.com/moonlit/assets/images/shape/offer-dark.html]
[html.themewant.com/moonlit/assets/images/video/Moonlit.html]
[html.themewant.com/moonlit/assets/images/pages/room/r-d-1.html]
[html.themewant.com/moonlit/assets/images/pages/room/r-d-2.html]
[html.themewant.com/moonlit/assets/images/icon/wifi.html]
[html.themewant.com/moonlit/assets/images/icon/shower.html]
[html.themewant.com/moonlit/assets/images/icon/aeroplane.html]
[html.themewant.com/moonlit/assets/images/icon/balcony.html]
[html.themewant.com/moonlit/assets/images/icon/refrigerator.html]
[html.themewant.com/moonlit/assets/images/icon/support.html]
[html.themewant.com/moonlit/assets/images/icon/desk.html]
[html.themewant.com/moonlit/assets/images/icon/fitness.html]
[html.themewant.com/moonlit/assets/images/pages/room/r-d-3.html]
[html.themewant.com/moonlit/assets/images/icon/room.html]
[html.themewant.com/moonlit/assets/images/icon/bed-alt.html]
[html.themewant.com/moonlit/assets/images/pages/video-bg.html]
[html.themewant.com/moonlit/assets/images/pages/about-shape.html]
[html.themewant.com/moonlit/assets/images/pages/team/1.html]
[html.themewant.com/moonlit/assets/images/pages/team/2.html]
[html.themewant.com/moonlit/assets/images/pages/team/3.html]
[html.themewant.com/moonlit/assets/images/pages/team/4.html]
[html.themewant.com/moonlit/assets/images/pages/resturant/1.html]
[html.themewant.com/moonlit/assets/images/pages/resturant/2.html]
[html.themewant.com/moonlit/assets/images/icon/phone.html]
[html.themewant.com/moonlit/assets/images/icon/clock.html]
[html.themewant.com/moonlit/assets/images/pages/resturant/gallery/1.html]
[html.themewant.com/moonlit/assets/images/pages/resturant/gallery/2.html]
[html.themewant.com/moonlit/assets/images/pages/resturant/gallery/3.html]
[html.themewant.com/moonlit/assets/images/pages/resturant/gallery/4.html]
[html.themewant.com/moonlit/assets/images/pages/resturant/gallery/5.html]
[html.themewant.com/moonlit/assets/images/pages/resturant/1-2.html]
[html.themewant.com/moonlit/assets/images/pages/resturant/2-2.html]
[html.themewant.com/moonlit/assets/images/pages/resturant/3.html]
[html.themewant.com/moonlit/assets/images/pages/resturant/4.html]
[html.themewant.com/moonlit/assets/images/pages/resturant/5.html]
[html.themewant.com/moonlit/assets/images/pages/resturant/6.html]
[html.themewant.com/moonlit/assets/images/pages/gallery/1.html]
[html.themewant.com/moonlit/assets/images/pages/gallery/2.html]
[html.themewant.com/moonlit/assets/images/pages/gallery/3.html]
[html.themewant.com/moonlit/assets/images/pages/gallery/4.html]
[html.themewant.com/moonlit/assets/images/pages/gallery/5.html]
[html.themewant.com/moonlit/assets/images/pages/gallery/6.html]
[html.themewant.com/moonlit/assets/images/pages/gallery/7.html]
[html.themewant.com/moonlit/assets/images/pages/gallery/8.html]
[html.themewant.com/moonlit/assets/images/pages/gallery/video.html]
[html.themewant.com/moonlit/assets/images/pages/event/1.html]
[html.themewant.com/moonlit/assets/images/pages/event/2.html]
[html.themewant.com/moonlit/assets/images/icon/mail.html]
[html.themewant.com/moonlit/assets/images/pages/activities/1.html]
[html.themewant.com/moonlit/assets/images/icon/sketing.html]
[html.themewant.com/moonlit/assets/images/icon/wild.html]
[html.themewant.com/moonlit/assets/images/icon/hot-coffe.html]
[html.themewant.com/moonlit/assets/images/icon/snow.html]
[html.themewant.com/moonlit/assets/images/icon/spa.html]
[html.themewant.com/moonlit/assets/images/pages/activities/2.html]
[html.themewant.com/moonlit/assets/images/icon/biking.html]
[html.themewant.com/moonlit/assets/images/icon/swimming.html]
[html.themewant.com/moonlit/assets/images/icon/home-theater.html]
[html.themewant.com/moonlit/assets/images/icon/tenis.html]
[html.themewant.com/moonlit/assets/images/pages/activities/3.html]
[html.themewant.com/moonlit/assets/images/pages/activities/4.html]
[html.themewant.com/moonlit/assets/images/pages/activities/5.html]
[html.themewant.com/moonlit/assets/images/pages/blog/1.html]
[html.themewant.com/moonlit/assets/images/pages/blog/2.html]
[html.themewant.com/moonlit/assets/images/pages/blog/3.html]
[html.themewant.com/moonlit/assets/images/pages/blog/4.html]
[html.themewant.com/moonlit/assets/images/pages/blog/r-1.html]
[html.themewant.com/moonlit/assets/images/pages/blog/r-2.html]
[html.themewant.com/moonlit/assets/images/pages/blog/r-3.html]
[html.themewant.com/moonlit/assets/images/pages/blog/details.html]
[html.themewant.com/moonlit/assets/images/icon/check-fill.html]
[html.themewant.com/moonlit/assets/images/icon/reply.html]
[html.themewant.com/moonlit/assets/images/pages/contact.html]
[html.themewant.com/moonlit/${e.image.html]
[html.themewant.com/moonlit/Version/index.html]
[html.themewant.com/moonlit/e.html]
[html.themewant.com/moonlit/t.params.html]
